// Vitest Snapshot v1, https://vitest.dev/guide/snapshot.html

exports[`map generator > produces a stable snapshot per sector for seed 42 1`] = `"S1 r0l1:start,r1l1:battle,r1l2:shop,r2l1:battle,r2l2:battle,r3l0:elite,r3l1:battle,r3l2:shop,r4l0:battle,r4l1:battle,r4l2:battle,r5l0:anomaly,r5l1:event,r5l2:battle,r6l0:battle,r6l1:battle,r6l2:battle,r7l0:shipyard,r7l1:battle,r7l2:beacon,r8l0:miniboss,r8l1:miniboss,r9l0:event,r9l1:anomaly,r9l2:event,r10l0:battle,r10l1:battle,r10l2:battle:c,r10l3:battle,r11l0:event,r11l2:elite,r11l3:event,r12l0:battle,r12l1:battle,r12l2:battle:c,r13l0:battle,r13l1:shipyard,r13l2:event,r14l0:battle,r14l2:battle,r15l1:boss"`;

exports[`map generator > produces a stable snapshot per sector for seed 42 2`] = `"S2 r0l1:start,r1l0:battle,r1l1:anomaly,r1l2:event,r1l3:battle,r2l0:battle,r2l2:battle,r2l3:battle,r3l0:battle,r3l2:anomaly,r3l3:battle,r4l0:battle,r4l1:battle,r4l2:battle,r4l3:battle,r5l0:battle,r5l3:battle,r5l4:battle,r6l0:battle,r6l2:battle,r6l3:battle,r6l4:anomaly,r7l0:elite,r7l1:elite,r7l2:battle,r7l3:shipyard,r8l0:miniboss,r8l2:miniboss,r9l0:shop,r9l1:battle,r9l2:shop,r10l0:battle,r10l1:event,r10l2:battle,r10l3:battle,r11l0:battle,r11l1:battle,r11l2:beacon,r11l3:event,r11l4:battle,r12l0:battle,r12l1:shipyard,r12l2:battle,r12l3:battle,r12l4:anomaly,r13l0:battle,r13l2:shop,r13l3:battle,r14l0:event,r14l1:battle,r14l3:event,r15l1:boss"`;

exports[`map generator > produces a stable snapshot per sector for seed 42 3`] = `"S3 r0l1:start,r1l0:battle,r1l1:battle,r1l2:battle,r1l3:battle,r2l0:battle,r2l1:battle,r2l2:event,r2l3:battle,r3l1:elite,r3l2:battle,r3l3:shop,r4l1:battle,r4l2:battle,r4l3:battle,r5l0:battle,r5l1:elite,r5l2:anomaly,r5l3:event,r6l0:battle,r6l1:shop,r6l2:battle,r6l3:anomaly,r7l0:miniboss,r7l2:miniboss,r8l0:shipyard,r8l1:battle,r8l2:battle,r8l3:shipyard,r9l0:battle,r9l2:battle,r9l3:battle,r10l0:beacon,r10l1:battle,r10l3:elite,r11l0:battle,r11l1:battle,r11l3:battle,r11l4:battle,r12l0:battle,r12l1:event,r12l2:battle,r12l3:battle,r12l4:anomaly,r13l0:event,r13l2:battle,r13l3:battle,r14l1:boss"`;

exports[`map generator > produces a stable snapshot per sector for seed 42 4`] = `"S4 r0l1:start,r1l0:battle,r1l1:battle,r1l2:battle,r1l3:battle,r2l0:event:-,r2l1:event,r2l2:battle:+,r2l3:battle,r3l1:elite,r3l2:event,r3l3:battle,r4l0:anomaly:+,r4l1:battle,r4l2:battle:-,r4l3:event,r4l4:battle,r5l0:elite,r5l1:battle,r5l2:battle,r5l3:battle,r5l4:event,r6l0:beacon:-,r6l1:battle,r6l2:shipyard:+,r6l3:battle,r7l0:battle,r7l3:battle,r8l0:shop:+,r8l1:shipyard,r8l2:battle:-,r8l3:battle,r9l0:miniboss,r9l2:miniboss,r10l0:battle:-,r10l2:battle:+,r10l3:anomaly,r11l0:battle,r11l1:battle,r11l2:shipyard,r11l3:battle,r11l4:battle,r12l0:battle:+,r12l1:battle,r12l3:event,r12l4:event,r13l0:battle,r13l1:elite,r13l2:battle,r13l3:shop,r14l0:battle:-,r14l1:battle,r14l2:event:+,r15l1:boss"`;

exports[`map generator > produces a stable snapshot per sector for seed 42 5`] = `"S5 r0l1:start,r1l0:anomaly,r1l1:battle,r1l2:shop,r2l0:battle,r2l2:battle,r3l0:elite:u,r3l1:battle:u,r3l2:battle:u,r4l0:battle,r4l1:battle,r4l2:elite,r5l0:battle:u,r5l2:battle:u,r6l0:battle,r6l1:battle,r6l2:battle,r7l0:miniboss,r7l1:miniboss,r8l0:shipyard,r8l1:battle,r8l2:shop,r9l0:battle,r9l1:battle,r9l2:elite,r9l3:battle,r10l0:shipyard,r10l1:elite,r10l2:beacon,r10l3:anomaly,r11l0:event,r11l1:battle,r11l2:battle,r12l0:anomaly,r12l1:battle,r12l2:event,r13l0:battle,r13l1:battle,r13l2:battle,r14l1:boss"`;
