// Vitest Snapshot v1, https://vitest.dev/guide/snapshot.html

exports[`map generator > produces a stable snapshot per sector for seed 42 1`] = `"S1 r0l1:start,r1l1:battle,r1l2:shop,r2l1:battle,r2l2:battle,r3l0:shop,r3l1:battle,r3l2:anomaly,r3l3:battle,r4l0:elite,r4l1:battle,r4l2:event,r4l3:anomaly,r5l0:anomaly,r5l1:battle,r5l2:battle,r6l0:battle,r6l1:battle,r6l2:battle:c,r7l0:shipyard,r7l1:battle,r7l2:beacon,r8l0:miniboss,r8l1:miniboss,r9l0:event,r9l1:shipyard,r9l2:battle,r10l0:battle,r10l1:battle,r10l2:battle,r11l0:event,r11l2:event,r12l0:battle,r12l1:elite,r12l2:battle,r13l0:shipyard,r13l1:event,r13l2:battle,r14l0:battle:c,r14l2:battle,r15l1:boss"`;

exports[`map generator > produces a stable snapshot per sector for seed 42 2`] = `"S2 r0l1:start,r1l0:anomaly,r1l1:battle,r1l2:battle,r1l3:battle,r2l0:battle,r2l2:battle,r2l3:battle,r3l0:battle,r3l2:battle,r3l3:battle,r3l4:battle,r4l0:battle,r4l1:elite,r4l2:battle,r4l3:battle,r4l4:anomaly,r5l0:shipyard,r5l3:battle,r6l0:event,r6l2:elite,r6l3:event,r7l0:shop,r7l1:shop,r7l2:battle,r7l3:shop,r8l0:miniboss,r8l2:miniboss,r9l0:elite,r9l1:battle,r9l2:battle:h,r10l0:event,r10l1:shipyard,r10l2:battle,r10l3:battle:h,r10l4:battle,r11l0:battle,r11l1:battle,r11l2:battle:h,r11l3:beacon,r11l4:event,r12l0:battle,r12l1:battle,r12l2:battle,r12l3:event,r13l0:anomaly,r13l2:battle,r13l3:battle,r14l0:battle,r14l1:battle,r14l3:battle,r15l1:boss"`;

exports[`map generator > produces a stable snapshot per sector for seed 42 3`] = `"S3 r0l1:start,r1l0:anomaly,r1l1:anomaly,r1l2:battle,r1l3:battle,r2l0:battle,r2l1:battle,r2l2:battle,r2l3:event,r3l1:battle,r3l2:battle,r3l3:battle:h,r4l1:battle,r4l2:battle:h,r4l3:battle,r5l0:battle,r5l1:event,r5l2:battle:h,r5l3:battle,r6l0:battle,r6l1:beacon,r6l2:elite,r6l3:event,r7l0:miniboss,r7l2:miniboss,r8l0:battle,r8l1:battle,r8l2:battle,r8l3:shipyard,r8l4:battle,r9l0:battle,r9l2:battle,r9l3:shop,r9l4:shipyard,r10l0:battle,r10l1:shipyard,r10l3:battle,r11l0:battle,r11l1:battle,r11l3:battle,r12l0:battle,r12l1:battle,r12l2:elite,r12l3:event,r13l0:elite,r13l2:shop,r13l3:battle,r14l1:boss"`;

exports[`map generator > produces a stable snapshot per sector for seed 42 4`] = `"S4 r0l1:start,r1l0:battle:-,r1l1:anomaly,r1l2:battle:+,r1l3:battle,r2l0:event,r2l1:event,r2l2:event,r2l3:battle,r2l4:battle,r3l1:battle,r3l2:battle:-h,r3l3:battle,r3l4:shipyard,r4l0:battle,r4l1:battle,r4l2:battle:h,r4l3:battle,r5l0:battle:-,r5l1:battle,r5l2:battle:+h,r5l3:elite,r5l4:battle,r6l0:event,r6l1:shipyard,r6l2:battle,r6l3:battle,r6l4:shipyard,r7l0:battle:+,r7l3:battle,r8l0:battle,r8l1:event,r8l2:battle,r8l3:shipyard,r9l0:miniboss,r9l2:miniboss,r10l0:battle,r10l2:battle,r10l3:event,r11l0:battle:+,r11l1:beacon,r11l2:shop:-,r11l3:battle,r12l0:battle,r12l1:battle,r12l3:battle,r13l0:battle:-,r13l1:anomaly,r13l2:shop:+,r13l3:battle,r14l0:elite,r14l1:battle,r14l2:battle,r15l1:boss"`;

exports[`map generator > produces a stable snapshot per sector for seed 42 5`] = `"S5 r0l1:start,r1l0:battle,r1l1:battle,r1l2:shop,r2l0:battle:u,r2l2:anomaly:u,r3l0:battle,r3l1:elite,r3l2:event,r4l0:event:u,r4l1:battle:u,r4l2:battle:u,r4l3:battle,r5l0:battle,r5l2:anomaly,r5l3:anomaly,r6l0:shipyard,r6l1:battle,r6l2:battle,r7l0:miniboss,r7l1:miniboss,r8l0:battle:h,r8l1:battle,r8l2:beacon,r9l0:battle:h,r9l1:battle,r9l2:battle,r10l0:event,r10l1:battle:h,r10l2:battle,r11l0:elite,r11l1:shipyard,r11l2:battle,r12l0:battle,r12l1:battle,r12l2:battle,r13l0:shop,r13l1:elite,r13l2:battle,r14l1:boss"`;

exports[`map generator > produces a stable snapshot per sector for seed 42 6`] = `"S6 r0l1:start,r1l0:battle,r1l1:battle,r1l2:shop,r2l0:battle:s,r2l1:battle:s,r2l2:battle:s,r3l1:battle,r3l2:event,r3l3:battle,r4l0:elite:i,r4l1:battle:i,r4l2:anomaly:i,r4l3:anomaly,r5l0:battle:s,r5l1:event:s,r5l2:battle:s,r6l0:battle,r6l1:battle,r6l2:battle,r7l0:battle:i,r7l1:battle:i,r7l2:event:i,r8l0:event,r8l1:anomaly,r8l2:battle,r9l0:miniboss,r9l1:miniboss,r10l0:event:i,r10l1:beacon:i,r10l2:battle:i,r10l3:battle,r11l0:battle,r11l1:battle:h,r11l2:event,r11l3:event,r12l0:event:s,r12l1:battle:sh,r12l2:battle:s,r13l0:shipyard,r13l1:elite,r13l2:battle:h,r14l0:event,r14l1:event,r14l2:battle,r15l0:battle,r15l1:event,r15l2:battle,r16l1:boss"`;
